Archive member included to satisfy reference by file (symbol)

d:/program files (x86)/atmel/studio/7.0/toolchain/arm/arm-gnu-toolchain/bin/../lib/gcc/arm-none-eabi/6.3.1/thumb/v6-m\libgcc.a(_udivsi3.o)
                              hpl/core/hpl_core_m0plus_base.o (__aeabi_uidiv)
d:/program files (x86)/atmel/studio/7.0/toolchain/arm/arm-gnu-toolchain/bin/../lib/gcc/arm-none-eabi/6.3.1/thumb/v6-m\libgcc.a(_dvmd_tls.o)
                              d:/program files (x86)/atmel/studio/7.0/toolchain/arm/arm-gnu-toolchain/bin/../lib/gcc/arm-none-eabi/6.3.1/thumb/v6-m\libgcc.a(_udivsi3.o) (__aeabi_idiv0)
d:/program files (x86)/atmel/studio/7.0/toolchain/arm/arm-gnu-toolchain/bin/../lib/gcc/arm-none-eabi/6.3.1/thumb/v6-m\libgcc.a(_aeabi_uldivmod.o)
                              hpl/sercom/hpl_sercom.o (__aeabi_uldivmod)
d:/program files (x86)/atmel/studio/7.0/toolchain/arm/arm-gnu-toolchain/bin/../lib/gcc/arm-none-eabi/6.3.1/thumb/v6-m\libgcc.a(_muldi3.o)
                              hpl/sercom/hpl_sercom.o (__aeabi_lmul)
d:/program files (x86)/atmel/studio/7.0/toolchain/arm/arm-gnu-toolchain/bin/../lib/gcc/arm-none-eabi/6.3.1/thumb/v6-m\libgcc.a(_fixunsdfsi.o)
                              hpl/sercom/hpl_sercom.o (__aeabi_d2uiz)
d:/program files (x86)/atmel/studio/7.0/toolchain/arm/arm-gnu-toolchain/bin/../lib/gcc/arm-none-eabi/6.3.1/thumb/v6-m\libgcc.a(_udivmoddi4.o)
                              d:/program files (x86)/atmel/studio/7.0/toolchain/arm/arm-gnu-toolchain/bin/../lib/gcc/arm-none-eabi/6.3.1/thumb/v6-m\libgcc.a(_aeabi_uldivmod.o) (__udivmoddi4)
d:/program files (x86)/atmel/studio/7.0/toolchain/arm/arm-gnu-toolchain/bin/../lib/gcc/arm-none-eabi/6.3.1/thumb/v6-m\libgcc.a(divdf3.o)
                              hpl/sercom/hpl_sercom.o (__aeabi_ddiv)
d:/program files (x86)/atmel/studio/7.0/toolchain/arm/arm-gnu-toolchain/bin/../lib/gcc/arm-none-eabi/6.3.1/thumb/v6-m\libgcc.a(muldf3.o)
                              hpl/sercom/hpl_sercom.o (__aeabi_dmul)
d:/program files (x86)/atmel/studio/7.0/toolchain/arm/arm-gnu-toolchain/bin/../lib/gcc/arm-none-eabi/6.3.1/thumb/v6-m\libgcc.a(subdf3.o)
                              hpl/sercom/hpl_sercom.o (__aeabi_dsub)
d:/program files (x86)/atmel/studio/7.0/toolchain/arm/arm-gnu-toolchain/bin/../lib/gcc/arm-none-eabi/6.3.1/thumb/v6-m\libgcc.a(fixdfsi.o)
                              d:/program files (x86)/atmel/studio/7.0/toolchain/arm/arm-gnu-toolchain/bin/../lib/gcc/arm-none-eabi/6.3.1/thumb/v6-m\libgcc.a(_fixunsdfsi.o) (__aeabi_d2iz)
d:/program files (x86)/atmel/studio/7.0/toolchain/arm/arm-gnu-toolchain/bin/../lib/gcc/arm-none-eabi/6.3.1/thumb/v6-m\libgcc.a(floatsidf.o)
                              hpl/sercom/hpl_sercom.o (__aeabi_i2d)
d:/program files (x86)/atmel/studio/7.0/toolchain/arm/arm-gnu-toolchain/bin/../lib/gcc/arm-none-eabi/6.3.1/thumb/v6-m\libgcc.a(floatunsidf.o)
                              hpl/sercom/hpl_sercom.o (__aeabi_ui2d)
d:/program files (x86)/atmel/studio/7.0/toolchain/arm/arm-gnu-toolchain/bin/../lib/gcc/arm-none-eabi/6.3.1/thumb/v6-m\libgcc.a(_arm_cmpdf2.o)
                              d:/program files (x86)/atmel/studio/7.0/toolchain/arm/arm-gnu-toolchain/bin/../lib/gcc/arm-none-eabi/6.3.1/thumb/v6-m\libgcc.a(_fixunsdfsi.o) (__aeabi_dcmpge)
d:/program files (x86)/atmel/studio/7.0/toolchain/arm/arm-gnu-toolchain/bin/../lib/gcc/arm-none-eabi/6.3.1/thumb/v6-m\libgcc.a(_clzsi2.o)
                              d:/program files (x86)/atmel/studio/7.0/toolchain/arm/arm-gnu-toolchain/bin/../lib/gcc/arm-none-eabi/6.3.1/thumb/v6-m\libgcc.a(divdf3.o) (__clzsi2)
d:/program files (x86)/atmel/studio/7.0/toolchain/arm/arm-gnu-toolchain/bin/../lib/gcc/arm-none-eabi/6.3.1/thumb/v6-m\libgcc.a(_clzdi2.o)
                              d:/program files (x86)/atmel/studio/7.0/toolchain/arm/arm-gnu-toolchain/bin/../lib/gcc/arm-none-eabi/6.3.1/thumb/v6-m\libgcc.a(_udivmoddi4.o) (__clzdi2)
d:/program files (x86)/atmel/studio/7.0/toolchain/arm/arm-gnu-toolchain/bin/../lib/gcc/arm-none-eabi/6.3.1/thumb/v6-m\libgcc.a(eqdf2.o)
                              d:/program files (x86)/atmel/studio/7.0/toolchain/arm/arm-gnu-toolchain/bin/../lib/gcc/arm-none-eabi/6.3.1/thumb/v6-m\libgcc.a(_arm_cmpdf2.o) (__eqdf2)
d:/program files (x86)/atmel/studio/7.0/toolchain/arm/arm-gnu-toolchain/bin/../lib/gcc/arm-none-eabi/6.3.1/thumb/v6-m\libgcc.a(gedf2.o)
                              d:/program files (x86)/atmel/studio/7.0/toolchain/arm/arm-gnu-toolchain/bin/../lib/gcc/arm-none-eabi/6.3.1/thumb/v6-m\libgcc.a(_arm_cmpdf2.o) (__gedf2)
d:/program files (x86)/atmel/studio/7.0/toolchain/arm/arm-gnu-toolchain/bin/../lib/gcc/arm-none-eabi/6.3.1/thumb/v6-m\libgcc.a(ledf2.o)
                              d:/program files (x86)/atmel/studio/7.0/toolchain/arm/arm-gnu-toolchain/bin/../lib/gcc/arm-none-eabi/6.3.1/thumb/v6-m\libgcc.a(_arm_cmpdf2.o) (__ledf2)
[...]
Memory Configuration

Name             Origin             Length             Attributes
rom              0x00000000         0x00040000         xr
ram              0x20000000         0x00008000         xrw
*default*        0x00000000         0xffffffff

Linker script and memory map

LOAD d:/program files (x86)/atmel/studio/7.0/toolchain/arm/arm-gnu-toolchain/bin/../lib/gcc/arm-none-eabi/6.3.1/thumb/v6-m/crti.o
LOAD d:/program files (x86)/atmel/studio/7.0/toolchain/arm/arm-gnu-toolchain/bin/../lib/gcc/arm-none-eabi/6.3.1/thumb/v6-m/crtbegin.o
LOAD d:/program files (x86)/atmel/studio/7.0/toolchain/arm/arm-gnu-toolchain/bin/../lib/gcc/arm-none-eabi/6.3.1/../../../../arm-none-eabi/lib/thumb/v6-m/crt0.o
LOAD atmel_start.o
LOAD Device_Startup/startup_samd21.o
LOAD Device_Startup/system_samd21.o
LOAD driver_init.o
LOAD examples/driver_examples.o
LOAD hal/src/hal_atomic.o
LOAD hal/src/hal_delay.o
LOAD hal/src/hal_gpio.o
LOAD hal/src/hal_init.o
LOAD hal/src/hal_io.o
LOAD hal/src/hal_sleep.o
LOAD hal/src/hal_usart_async.o
LOAD hal/utils/src/utils_assert.o
LOAD hal/utils/src/utils_event.o
LOAD hal/utils/src/utils_list.o
LOAD hal/utils/src/utils_ringbuffer.o
LOAD hal/utils/src/utils_syscalls.o
LOAD hpl/core/hpl_core_m0plus_base.o
LOAD hpl/core/hpl_init.o
LOAD hpl/dmac/hpl_dmac.o
LOAD hpl/gclk/hpl_gclk.o
LOAD hpl/pm/hpl_pm.o
LOAD hpl/sercom/hpl_sercom.o
LOAD hpl/sysctrl/hpl_sysctrl.o
LOAD main.o
START GROUP
LOAD d:/program files (x86)/atmel/studio/7.0/toolchain/arm/arm-gnu-toolchain/bin/../lib/gcc/arm-none-eabi/6.3.1/../../../../arm-none-eabi/lib/thumb/v6-m\libm.a
END GROUP
Address of section .text set to 0x2000
START GROUP
LOAD d:/program files (x86)/atmel/studio/7.0/toolchain/arm/arm-gnu-toolchain/bin/../lib/gcc/arm-none-eabi/6.3.1/thumb/v6-m\libgcc.a
LOAD d:/program files (x86)/atmel/studio/7.0/toolchain/arm/arm-gnu-toolchain/bin/../lib/gcc/arm-none-eabi/6.3.1/../../../../arm-none-eabi/lib/thumb/v6-m\libc_nano.a
END GROUP
START GROUP
LOAD d:/program files (x86)/atmel/studio/7.0/toolchain/arm/arm-gnu-toolchain/bin/../lib/gcc/arm-none-eabi/6.3.1/thumb/v6-m\libgcc.a
LOAD d:/program files (x86)/atmel/studio/7.0/toolchain/arm/arm-gnu-toolchain/bin/../lib/gcc/arm-none-eabi/6.3.1/../../../../arm-none-eabi/lib/thumb/v6-m\libc_nano.a
END GROUP
LOAD d:/program files (x86)/atmel/studio/7.0/toolchain/arm/arm-gnu-toolchain/bin/../lib/gcc/arm-none-eabi/6.3.1/thumb/v6-m/crtend.o
LOAD d:/program files (x86)/atmel/studio/7.0/toolchain/arm/arm-gnu-toolchain/bin/../lib/gcc/arm-none-eabi/6.3.1/thumb/v6-m/crtn.o
                0x00002000                STACK_SIZE = DEFINED (STACK_SIZE)?STACK_SIZE:DEFINED (__stack_size__)?__stack_size__:0x2000

.text           0x00002000      0xecc
                0x00002000                . = ALIGN (0x4)
                0x00002000                _sfixed = .
 *(.vectors .vectors.*)
 .vectors       0x00002000       0xb4 Device_Startup/startup_samd21.o
                0x00002000                exception_table
 *(.text .text.* .gnu.linkonce.t.*)
 .text          0x000020b4       0x60 d:/program files (x86)/atmel/studio/7.0/toolchain/arm/arm-gnu-toolchain/bin/../lib/gcc/arm-none-eabi/6.3.1/thumb/v6-m/crtbegin.o
 .text.atmel_start_init
                0x00002114        0xc atmel_start.o
                0x00002114                atmel_start_init
 .text.Dummy_Handler
                0x00002120        0x2 Device_Startup/startup_samd21.o
                0x00002120                DMAC_Handler
                0x00002120                HardFault_Handler
                0x00002120                AC_Handler
                0x00002120                SysTick_Handler
                0x00002120                PendSV_Handler
                0x00002120                NMI_Handler
                0x00002120                SERCOM1_Handler
                0x00002120                ADC_Handler
                0x00002120                TCC1_Handler
                0x00002120                TCC0_Handler
                0x00002120                RTC_Handler
                0x00002120                WDT_Handler
                0x00002120                TC4_Handler
                0x00002120                USB_Handler
                0x00002120                Dummy_Handler
                0x00002120                PM_Handler
                0x00002120                SERCOM5_Handler
                0x00002120                SVC_Handler
                0x00002120                TCC2_Handler
                0x00002120                EVSYS_Handler
                0x00002120                SERCOM3_Handler
                0x00002120                SERCOM4_Handler
                0x00002120                I2S_Handler
                0x00002120                NVMCTRL_Handler
                0x00002120                SERCOM0_Handler
                0x00002120                DAC_Handler
                0x00002120                PTC_Handler
                0x00002120                TC5_Handler
                0x00002120                SYSCTRL_Handler
 *fill*         0x00002122        0x2 
 .text.Reset_Handler
                0x00002124       0xe4 Device_Startup/startup_samd21.o
                0x00002124                Reset_Handler
 .text.USART_0_CLOCK_init
                0x00002208       0x20 driver_init.o
                0x00002208                USART_0_CLOCK_init
 .text.USART_0_PORT_init
                0x00002228       0x40 driver_init.o
                0x00002228                USART_0_PORT_init
 .text.USART_0_init
                0x00002268       0x38 driver_init.o
                0x00002268                USART_0_init
 .text.system_init
                0x000022a0       0x14 driver_init.o
                0x000022a0                system_init
 .text.atomic_enter_critical
                0x000022b4        0xe hal/src/hal_atomic.o
                0x000022b4                atomic_enter_critical
 .text.atomic_leave_critical
                0x000022c2        0xc hal/src/hal_atomic.o
                0x000022c2                atomic_leave_critical
 *fill*         0x000022ce        0x2 
 .text.delay_us
                0x000022d0       0x20 hal/src/hal_delay.o
                0x000022d0                delay_us
 .text.usart_transmission_complete
                0x000022f0       0x12 hal/src/hal_usart_async.o
 .text.usart_error
                0x00002302       0x12 hal/src/hal_usart_async.o
 .text.usart_fill_rx_buffer
                0x00002314       0x1c hal/src/hal_usart_async.o
 .text.usart_async_write
                0x00002330       0x64 hal/src/hal_usart_async.o
 .text.usart_process_byte_sent
                0x00002394       0x40 hal/src/hal_usart_async.o
 .text.usart_async_read
                0x000023d4       0xe0 hal/src/hal_usart_async.o
 .text.usart_async_init
                0x000024b4       0x98 hal/src/hal_usart_async.o
                0x000024b4                usart_async_init
 .text.usart_async_enable
                0x0000254c       0x2c hal/src/hal_usart_async.o
                0x0000254c                usart_async_enable
 .text.assert   0x00002578        0x8 hal/utils/src/utils_assert.o
                0x00002578                assert
 .text.ringbuffer_init
                0x00002580       0x54 hal/utils/src/utils_ringbuffer.o
                0x00002580                ringbuffer_init
 .text.ringbuffer_get
                0x000025d4       0x48 hal/utils/src/utils_ringbuffer.o
                0x000025d4                ringbuffer_get
 .text.ringbuffer_put
                0x0000261c       0x40 hal/utils/src/utils_ringbuffer.o
                0x0000261c                ringbuffer_put
 .text.ringbuffer_num
                0x0000265c       0x24 hal/utils/src/utils_ringbuffer.o
                0x0000265c                ringbuffer_num
 .text._get_cycles_for_us
                0x00002680       0x1c hpl/core/hpl_core_m0plus_base.o
                0x00002680                _get_cycles_for_us
 .text._delay_cycles
                0x0000269c        0x6 hpl/core/hpl_core_m0plus_base.o
                0x0000269c                _delay_cycles
 *fill*         0x000026a2        0x2 
 .text._init_chip
                0x000026a4       0x34 hpl/core/hpl_init.o
                0x000026a4                _init_chip
 .text._gclk_init_generators_by_fref
                0x000026d8       0x24 hpl/gclk/hpl_gclk.o
                0x000026d8                _gclk_init_generators_by_fref
 .text._pm_init
                0x000026fc       0x20 hpl/pm/hpl_pm.o
                0x000026fc                _pm_init
 .text._usart_init
                0x0000271c       0x84 hpl/sercom/hpl_sercom.o
 .text._usart_async_init
                0x000027a0       0x7c hpl/sercom/hpl_sercom.o
                0x000027a0                _usart_async_init
 .text._usart_async_enable
                0x0000281c       0x14 hpl/sercom/hpl_sercom.o
                0x0000281c                _usart_async_enable
 .text._usart_async_write_byte
                0x00002830        0x8 hpl/sercom/hpl_sercom.o
                0x00002830                _usart_async_write_byte
 .text._usart_async_enable_byte_sent_irq
                0x00002838        0x8 hpl/sercom/hpl_sercom.o
                0x00002838                _usart_async_enable_byte_sent_irq
 .text._usart_async_enable_tx_done_irq
                0x00002840        0x8 hpl/sercom/hpl_sercom.o
                0x00002840                _usart_async_enable_tx_done_irq
 .text.SERCOM2_Handler
                0x00002848       0x6c hpl/sercom/hpl_sercom.o
                0x00002848                SERCOM2_Handler
 .text._sysctrl_init_sources
                0x000028b4       0x48 hpl/sysctrl/hpl_sysctrl.o
                0x000028b4                _sysctrl_init_sources
 .text._sysctrl_init_referenced_generators
                0x000028fc       0x10 hpl/sysctrl/hpl_sysctrl.o
                0x000028fc                _sysctrl_init_referenced_generators
 .text.resetIns
                0x0000290c       0x20 main.o
 .text.checkAndSend
                0x0000292c       0x50 main.o
 .text.main     0x0000297c      0x228 main.o
                0x0000297c                main
 .text.EIC_Handler
                0x00002ba4      0x104 main.o
                0x00002ba4                EIC_Handler
 .text.TC3_Handler
                0x00002ca8       0x24 main.o
                0x00002ca8                TC3_Handler
 .text          0x00002ccc      0x114 d:/program files (x86)/atmel/studio/7.0/toolchain/arm/arm-gnu-toolchain/bin/../lib/gcc/arm-none-eabi/6.3.1/thumb/v6-m\libgcc.a(_udivsi3.o)
                0x00002ccc                __aeabi_uidiv
                0x00002ccc                __udivsi3
                0x00002dd8                __aeabi_uidivmod
 .text          0x00002de0        0x4 d:/program files (x86)/atmel/studio/7.0/toolchain/arm/arm-gnu-toolchain/bin/../lib/gcc/arm-none-eabi/6.3.1/thumb/v6-m\libgcc.a(_dvmd_tls.o)
                0x00002de0                __aeabi_idiv0
                0x00002de0                __aeabi_ldiv0
 .text.__libc_init_array
                0x00002de4       0x48 d:/program files (x86)/atmel/studio/7.0/toolchain/arm/arm-gnu-toolchain/bin/../lib/gcc/arm-none-eabi/6.3.1/../../../../arm-none-eabi/lib/thumb/v6-m\libc_nano.a(lib_a-init.o)
                0x00002de4                __libc_init_array
 *(.glue_7t)
 .glue_7t       0x00002e2c        0x0 linker stubs
 *(.glue_7)
 .glue_7        0x00002e2c        0x0 linker stubs
 *(.rodata .rodata* .gnu.linkonce.r.*)
 .rodata.str1.4
                0x00002e2c       0x1d hal/src/hal_usart_async.o
 *fill*         0x00002e49        0x3 
 .rodata.str1.4
                0x00002e4c       0x24 hal/utils/src/utils_ringbuffer.o
 .rodata.str1.4
                0x00002e70       0x1c hpl/sercom/hpl_sercom.o
                                 0x1b (size before relaxing)
 .rodata        0x00002e8c       0x20 main.o
 *(.ARM.extab* .gnu.linkonce.armextab.*)
                0x00002eac                . = ALIGN (0x4)
 *(.init)
 .init          0x00002eac        0x4 d:/program files (x86)/atmel/studio/7.0/toolchain/arm/arm-gnu-toolchain/bin/../lib/gcc/arm-none-eabi/6.3.1/thumb/v6-m/crti.o
                0x00002eac                _init
 .init          0x00002eb0        0x8 d:/program files (x86)/atmel/studio/7.0/toolchain/arm/arm-gnu-toolchain/bin/../lib/gcc/arm-none-eabi/6.3.1/thumb/v6-m/crtn.o
                0x00002eb8                . = ALIGN (0x4)
                0x00002eb8                __preinit_array_start = .
 *(.preinit_array)
                0x00002eb8                __preinit_array_end = .
                0x00002eb8                . = ALIGN (0x4)
                0x00002eb8                __init_array_start = .
 *(SORT(.init_array.*))
 *(.init_array)
 .init_array    0x00002eb8        0x4 d:/program files (x86)/atmel/studio/7.0/toolchain/arm/arm-gnu-toolchain/bin/../lib/gcc/arm-none-eabi/6.3.1/thumb/v6-m/crtbegin.o
                0x00002ebc                __init_array_end = .
                0x00002ebc                . = ALIGN (0x4)
 *crtbegin.o(.ctors)
 *(EXCLUDE_FILE(*crtend.o) .ctors)
 *(SORT(.ctors.*))
 *crtend.o(.ctors)
                0x00002ebc                . = ALIGN (0x4)
 *(.fini)
 .fini          0x00002ebc        0x4 d:/program files (x86)/atmel/studio/7.0/toolchain/arm/arm-gnu-toolchain/bin/../lib/gcc/arm-none-eabi/6.3.1/thumb/v6-m/crti.o
                0x00002ebc                _fini
 .fini          0x00002ec0        0x8 d:/program files (x86)/atmel/studio/7.0/toolchain/arm/arm-gnu-toolchain/bin/../lib/gcc/arm-none-eabi/6.3.1/thumb/v6-m/crtn.o
                0x00002ec8                . = ALIGN (0x4)
                0x00002ec8                __fini_array_start = .
 *(.fini_array)
 .fini_array    0x00002ec8        0x4 d:/program files (x86)/atmel/studio/7.0/toolchain/arm/arm-gnu-toolchain/bin/../lib/gcc/arm-none-eabi/6.3.1/thumb/v6-m/crtbegin.o
 *(SORT(.fini_array.*))
                0x00002ecc                __fini_array_end = .
 *crtbegin.o(.dtors)
 *(EXCLUDE_FILE(*crtend.o) .dtors)
 *(SORT(.dtors.*))
 *crtend.o(.dtors)
                0x00002ecc                . = ALIGN (0x4)
                0x00002ecc                _efixed = .
                [!provide]                PROVIDE (__exidx_start, .)

.vfp11_veneer   0x00002ecc        0x0
 .vfp11_veneer  0x00002ecc        0x0 linker stubs

.v4_bx          0x00002ecc        0x0
 .v4_bx         0x00002ecc        0x0 linker stubs

.iplt           0x00002ecc        0x0
 .iplt          0x00002ecc        0x0 d:/program files (x86)/atmel/studio/7.0/toolchain/arm/arm-gnu-toolchain/bin/../lib/gcc/arm-none-eabi/6.3.1/thumb/v6-m/crtbegin.o

.eh_frame       0x00002ecc        0x0
 .eh_frame      0x00002ecc        0x0 d:/program files (x86)/atmel/studio/7.0/toolchain/arm/arm-gnu-toolchain/bin/../lib/gcc/arm-none-eabi/6.3.1/thumb/v6-m/crtbegin.o

.rel.dyn        0x00002ecc        0x0
 .rel.iplt      0x00002ecc        0x0 d:/program files (x86)/atmel/studio/7.0/toolchain/arm/arm-gnu-toolchain/bin/../lib/gcc/arm-none-eabi/6.3.1/thumb/v6-m/crtbegin.o

.jcr            0x00002ecc        0x0
 .jcr           0x00002ecc        0x0 d:/program files (x86)/atmel/studio/7.0/toolchain/arm/arm-gnu-toolchain/bin/../lib/gcc/arm-none-eabi/6.3.1/thumb/v6-m/crtbegin.o

.igot.plt       0x00002ecc        0x0
 .igot.plt      0x00002ecc        0x0 d:/program files (x86)/atmel/studio/7.0/toolchain/arm/arm-gnu-toolchain/bin/../lib/gcc/arm-none-eabi/6.3.1/thumb/v6-m/crtbegin.o

.ARM.exidx
 *(.ARM.exidx* .gnu.linkonce.armexidx.*)
                [!provide]                PROVIDE (__exidx_end, .)
                0x00002ecc                . = ALIGN (0x4)
                0x00002ecc                _etext = .

.relocate       0x20000000        0x0 load address 0x00002ecc
                0x20000000                . = ALIGN (0x4)
                0x20000000                _srelocate = .
 *(.ramfunc .ramfunc.*)
 *(.data .data.*)
                0x20000000                . = ALIGN (0x4)
                0x20000000                _erelocate = .

.bss            0x20000000       0xc8
                0x20000000                . = ALIGN (0x4)
                0x20000000                _sbss = .
                0x20000000                _szero = .
 *(.bss .bss.*)
 .bss           0x20000000       0x1c d:/program files (x86)/atmel/studio/7.0/toolchain/arm/arm-gnu-toolchain/bin/../lib/gcc/arm-none-eabi/6.3.1/thumb/v6-m/crtbegin.o
 .bss           0x2000001c       0x10 driver_init.o
 .bss           0x2000002c        0x4 hal/src/hal_delay.o
 .bss           0x20000030        0x4 hpl/sercom/hpl_sercom.o
 *(COMMON)
 COMMON         0x20000034       0x50 driver_init.o
                0x20000034                USART_0
 COMMON         0x20000084       0x44 main.o
                0x20000084                buttons
                0x200000c4                currentHigh
                0x200000c8                . = ALIGN (0x4)
                0x200000c8                _ebss = .
                0x200000c8                _ezero = .

.stack          0x200000c8     0x2000
                0x200000c8                . = ALIGN (0x8)
                0x200000c8                _sstack = .
                0x200020c8                . = (. + STACK_SIZE)
 *fill*         0x200000c8     0x2000 
                0x200020c8                . = ALIGN (0x8)
                0x200020c8                _estack = .
                0x200020c8                . = ALIGN (0x4)
                0x200020c8                _end = .
OUTPUT(kiddyPiano2OSC.elf elf32-littlearm)

.ARM.attributes
                0x00000000       0x28
 .ARM.attributes
                0x00000000       0x1e d:/program files (x86)/atmel/studio/7.0/toolchain/arm/arm-gnu-toolchain/bin/../lib/gcc/arm-none-eabi/6.3.1/thumb/v6-m/crti.o
 .ARM.attributes
                0x0000001e       0x2c d:/program files (x86)/atmel/studio/7.0/toolchain/arm/arm-gnu-toolchain/bin/../lib/gcc/arm-none-eabi/6.3.1/thumb/v6-m/crtbegin.o
 .ARM.attributes
                0x0000004a       0x32 atmel_start.o
 .ARM.attributes
                0x0000007c       0x32 Device_Startup/startup_samd21.o
 .ARM.attributes
                0x000000ae       0x32 driver_init.o
 .ARM.attributes
                0x000000e0       0x32 hal/src/hal_atomic.o
 .ARM.attributes
                0x00000112       0x32 hal/src/hal_delay.o
 .ARM.attributes
                0x00000144       0x32 hal/src/hal_usart_async.o
 .ARM.attributes
                0x00000176       0x32 hal/utils/src/utils_assert.o
 .ARM.attributes
                0x000001a8       0x32 hal/utils/src/utils_ringbuffer.o
 .ARM.attributes
                0x000001da       0x32 hpl/core/hpl_core_m0plus_base.o
 .ARM.attributes
                0x0000020c       0x32 hpl/core/hpl_init.o
 .ARM.attributes
                0x0000023e       0x32 hpl/gclk/hpl_gclk.o
 .ARM.attributes
                0x00000270       0x32 hpl/pm/hpl_pm.o
 .ARM.attributes
                0x000002a2       0x32 hpl/sercom/hpl_sercom.o
 .ARM.attributes
                0x000002d4       0x32 hpl/sysctrl/hpl_sysctrl.o
 .ARM.attributes
                0x00000306       0x32 main.o
 .ARM.attributes
                0x00000338       0x1e d:/program files (x86)/atmel/studio/7.0/toolchain/arm/arm-gnu-toolchain/bin/../lib/gcc/arm-none-eabi/6.3.1/thumb/v6-m\libgcc.a(_udivsi3.o)
 .ARM.attributes
                0x00000356       0x1e d:/program files (x86)/atmel/studio/7.0/toolchain/arm/arm-gnu-toolchain/bin/../lib/gcc/arm-none-eabi/6.3.1/thumb/v6-m\libgcc.a(_dvmd_tls.o)
 .ARM.attributes
                0x00000374       0x2c d:/program files (x86)/atmel/studio/7.0/toolchain/arm/arm-gnu-toolchain/bin/../lib/gcc/arm-none-eabi/6.3.1/../../../../arm-none-eabi/lib/thumb/v6-m\libc_nano.a(lib_a-init.o)
 .ARM.attributes
                0x000003a0       0x1e d:/program files (x86)/atmel/studio/7.0/toolchain/arm/arm-gnu-toolchain/bin/../lib/gcc/arm-none-eabi/6.3.1/thumb/v6-m/crtn.o

.comment        0x00000000       0x59
 .comment       0x00000000       0x59 atmel_start.o
                                 0x5a (size before relaxing)
 .comment       0x00000059       0x5a Device_Startup/startup_samd21.o
 .comment       0x00000059       0x5a driver_init.o
 .comment       0x00000059       0x5a hal/src/hal_atomic.o
 .comment       0x00000059       0x5a hal/src/hal_delay.o
 .comment       0x00000059       0x5a hal/src/hal_usart_async.o
 .comment       0x00000059       0x5a hal/utils/src/utils_assert.o
 .comment       0x00000059       0x5a hal/utils/src/utils_ringbuffer.o
 .comment       0x00000059       0x5a hpl/core/hpl_core_m0plus_base.o
 .comment       0x00000059       0x5a hpl/core/hpl_init.o
 .comment       0x00000059       0x5a hpl/gclk/hpl_gclk.o
 .comment       0x00000059       0x5a hpl/pm/hpl_pm.o
 .comment       0x00000059       0x5a hpl/sercom/hpl_sercom.o
 .comment       0x00000059       0x5a hpl/sysctrl/hpl_sysctrl.o
 .comment       0x00000059       0x5a main.o

.debug_info     0x00000000    0x1ff13
 .debug_info    0x00000000      0x3d3 atmel_start.o
 .debug_info    0x000003d3     0x3a28 Device_Startup/startup_samd21.o
 .debug_info    0x00003dfb     0x75fd driver_init.o
 .debug_info    0x0000b3f8      0x1d1 hal/src/hal_atomic.o
 .debug_info    0x0000b5c9      0x1dc hal/src/hal_delay.o
 .debug_info    0x0000b7a5     0x136b hal/src/hal_usart_async.o
 .debug_info    0x0000cb10      0x107 hal/utils/src/utils_assert.o
 .debug_info    0x0000cc17      0x313 hal/utils/src/utils_ringbuffer.o
 .debug_info    0x0000cf2a      0x84c hpl/core/hpl_core_m0plus_base.o
 .debug_info    0x0000d776      0x68a hpl/core/hpl_init.o
 .debug_info    0x0000de00      0x4c7 hpl/gclk/hpl_gclk.o
 .debug_info    0x0000e2c7      0xc6d hpl/pm/hpl_pm.o
 .debug_info    0x0000ef34     0xae93 hpl/sercom/hpl_sercom.o
 .debug_info    0x00019dc7     0x13f8 hpl/sysctrl/hpl_sysctrl.o
 .debug_info    0x0001b1bf     0x4d54 main.o

.debug_abbrev   0x00000000     0x20e4
 .debug_abbrev  0x00000000       0xe3 atmel_start.o
 .debug_abbrev  0x000000e3      0x234 Device_Startup/startup_samd21.o
 .debug_abbrev  0x00000317      0x376 driver_init.o
 .debug_abbrev  0x0000068d      0x144 hal/src/hal_atomic.o
 .debug_abbrev  0x000007d1       0xe1 hal/src/hal_delay.o
 .debug_abbrev  0x000008b2      0x29d hal/src/hal_usart_async.o
 .debug_abbrev  0x00000b4f       0x86 hal/utils/src/utils_assert.o
 .debug_abbrev  0x00000bd5      0x101 hal/utils/src/utils_ringbuffer.o
 .debug_abbrev  0x00000cd6      0x2bb hpl/core/hpl_core_m0plus_base.o
 .debug_abbrev  0x00000f91      0x1d9 hpl/core/hpl_init.o
 .debug_abbrev  0x0000116a      0x1d3 hpl/gclk/hpl_gclk.o
 .debug_abbrev  0x0000133d      0x211 hpl/pm/hpl_pm.o
 .debug_abbrev  0x0000154e      0x5b0 hpl/sercom/hpl_sercom.o
 .debug_abbrev  0x00001afe      0x233 hpl/sysctrl/hpl_sysctrl.o
 .debug_abbrev  0x00001d31      0x3b3 main.o

.debug_loc      0x00000000     0x8ecd
 .debug_loc     0x00000000       0x20 atmel_start.o
 .debug_loc     0x00000020       0x40 Device_Startup/startup_samd21.o
 .debug_loc     0x00000060      0x264 driver_init.o
 .debug_loc     0x000002c4       0x13 hal/src/hal_atomic.o
 .debug_loc     0x000002d7       0xc3 hal/src/hal_delay.o
 .debug_loc     0x0000039a      0xf97 hal/src/hal_usart_async.o
 .debug_loc     0x00001331      0x2d1 hal/utils/src/utils_ringbuffer.o
 .debug_loc     0x00001602      0x1f7 hpl/core/hpl_core_m0plus_base.o
 .debug_loc     0x000017f9       0x4c hpl/core/hpl_init.o
 .debug_loc     0x00001845       0x2e hpl/gclk/hpl_gclk.o
 .debug_loc     0x00001873      0x11b hpl/pm/hpl_pm.o
 .debug_loc     0x0000198e     0x7247 hpl/sercom/hpl_sercom.o
 .debug_loc     0x00008bd5      0x121 hpl/sysctrl/hpl_sysctrl.o
 .debug_loc     0x00008cf6      0x1d7 main.o

.debug_aranges  0x00000000      0x840
 .debug_aranges
                0x00000000       0x20 atmel_start.o
 .debug_aranges
                0x00000020       0x28 Device_Startup/startup_samd21.o
 .debug_aranges
                0x00000048       0x38 driver_init.o
 .debug_aranges
                0x00000080       0x30 hal/src/hal_atomic.o
 .debug_aranges
                0x000000b0       0x38 hal/src/hal_delay.o
 .debug_aranges
                0x000000e8       0xe0 hal/src/hal_usart_async.o
 .debug_aranges
                0x000001c8       0x20 hal/utils/src/utils_assert.o
 .debug_aranges
                0x000001e8       0x40 hal/utils/src/utils_ringbuffer.o
 .debug_aranges
                0x00000228       0x80 hpl/core/hpl_core_m0plus_base.o
 .debug_aranges
                0x000002a8       0x20 hpl/core/hpl_init.o
 .debug_aranges
                0x000002c8       0x28 hpl/gclk/hpl_gclk.o
 .debug_aranges
                0x000002f0       0x30 hpl/pm/hpl_pm.o
 .debug_aranges
                0x00000320      0x4b8 hpl/sercom/hpl_sercom.o
 .debug_aranges
                0x000007d8       0x28 hpl/sysctrl/hpl_sysctrl.o
 .debug_aranges
                0x00000800       0x40 main.o

.debug_ranges   0x00000000      0xd00
 .debug_ranges  0x00000000       0x10 atmel_start.o
 .debug_ranges  0x00000010       0x18 Device_Startup/startup_samd21.o
 .debug_ranges  0x00000028       0x28 driver_init.o
 .debug_ranges  0x00000050       0x20 hal/src/hal_atomic.o
 .debug_ranges  0x00000070       0x28 hal/src/hal_delay.o
 .debug_ranges  0x00000098       0xf0 hal/src/hal_usart_async.o
 .debug_ranges  0x00000188       0x10 hal/utils/src/utils_assert.o
 .debug_ranges  0x00000198       0x30 hal/utils/src/utils_ringbuffer.o
 .debug_ranges  0x000001c8       0x70 hpl/core/hpl_core_m0plus_base.o
 .debug_ranges  0x00000238       0x10 hpl/core/hpl_init.o
 .debug_ranges  0x00000248       0x18 hpl/gclk/hpl_gclk.o
 .debug_ranges  0x00000260       0x20 hpl/pm/hpl_pm.o
 .debug_ranges  0x00000280      0xa00 hpl/sercom/hpl_sercom.o
 .debug_ranges  0x00000c80       0x30 hpl/sysctrl/hpl_sysctrl.o
 .debug_ranges  0x00000cb0       0x50 main.o

.debug_macro    0x00000000    0x15d25
 .debug_macro   0x00000000      0x4e7 atmel_start.o
 .debug_macro   0x000004e7      0x89e atmel_start.o
 .debug_macro   0x00000d85      0x16d atmel_start.o
 .debug_macro   0x00000ef2       0x22 atmel_start.o
 .debug_macro   0x00000f14       0x87 atmel_start.o
 .debug_macro   0x00000f9b       0x51 atmel_start.o
 .debug_macro   0x00000fec       0xef atmel_start.o
 .debug_macro   0x000010db       0x6a atmel_start.o
 .debug_macro   0x00001145      0x1df atmel_start.o
 .debug_macro   0x00001324       0x22 atmel_start.o
 .debug_macro   0x00001346       0x46 atmel_start.o
 .debug_macro   0x0000138c       0x28 atmel_start.o
 .debug_macro   0x000013b4       0x85 atmel_start.o
 .debug_macro   0x00001439      0x375 atmel_start.o
 .debug_macro   0x000017ae      0x67e atmel_start.o
 .debug_macro   0x00001e2c      0x8b1 atmel_start.o
 .debug_macro   0x000026dd      0x22e atmel_start.o
 .debug_macro   0x0000290b      0xd5c atmel_start.o
 .debug_macro   0x00003667      0x4dc atmel_start.o
 .debug_macro   0x00003b43      0x9f6 atmel_start.o
 .debug_macro   0x00004539      0x82b atmel_start.o
 .debug_macro   0x00004d64      0x45f atmel_start.o
 .debug_macro   0x000051c3       0x5e atmel_start.o
 .debug_macro   0x00005221      0x8f9 atmel_start.o
 .debug_macro   0x00005b1a      0x21c atmel_start.o
 .debug_macro   0x00005d36      0x735 atmel_start.o
 .debug_macro   0x0000646b       0x5e atmel_start.o
 .debug_macro   0x000064c9      0x632 atmel_start.o
 .debug_macro   0x00006afb      0x3ac atmel_start.o
 .debug_macro   0x00006ea7      0xc76 atmel_start.o
 .debug_macro   0x00007b1d     0x1092 atmel_start.o
 .debug_macro   0x00008baf      0xc4a atmel_start.o
 .debug_macro   0x000097f9      0x6ba atmel_start.o
 .debug_macro   0x00009eb3     0x1b3d atmel_start.o
 .debug_macro   0x0000b9f0     0x143c atmel_start.o
 .debug_macro   0x0000ce2c      0x340 atmel_start.o
 .debug_macro   0x0000d16c       0x7c atmel_start.o
 .debug_macro   0x0000d1e8       0xa0 atmel_start.o
 .debug_macro   0x0000d288       0x4c atmel_start.o
 .debug_macro   0x0000d2d4       0xca atmel_start.o
 .debug_macro   0x0000d39e       0x94 atmel_start.o
 .debug_macro   0x0000d432       0x58 atmel_start.o
 .debug_macro   0x0000d48a      0x341 atmel_start.o
 .debug_macro   0x0000d7cb       0x82 atmel_start.o
 .debug_macro   0x0000d84d      0x189 atmel_start.o
 .debug_macro   0x0000d9d6       0xb8 atmel_start.o
 .debug_macro   0x0000da8e       0xa0 atmel_start.o
 .debug_macro   0x0000db2e       0xb2 atmel_start.o
 .debug_macro   0x0000dbe0       0x1c atmel_start.o
 .debug_macro   0x0000dbfc       0x1c atmel_start.o
 .debug_macro   0x0000dc18       0x1c atmel_start.o
 .debug_macro   0x0000dc34       0x7c atmel_start.o
 .debug_macro   0x0000dcb0      0x15a atmel_start.o
 .debug_macro   0x0000de0a       0xdc atmel_start.o
 .debug_macro   0x0000dee6      0x124 atmel_start.o
 .debug_macro   0x0000e00a      0x124 atmel_start.o
 .debug_macro   0x0000e12e      0x124 atmel_start.o
 .debug_macro   0x0000e252      0x124 atmel_start.o
 .debug_macro   0x0000e376      0x124 atmel_start.o
 .debug_macro   0x0000e49a      0x124 atmel_start.o
 .debug_macro   0x0000e5be      0x124 atmel_start.o
 .debug_macro   0x0000e6e2       0xe2 atmel_start.o
 .debug_macro   0x0000e7c4       0xe2 atmel_start.o
 .debug_macro   0x0000e8a6       0xe2 atmel_start.o
 .debug_macro   0x0000e988      0x12a atmel_start.o
 .debug_macro   0x0000eab2      0x100 atmel_start.o
 .debug_macro   0x0000ebb2       0xf4 atmel_start.o
 .debug_macro   0x0000eca6      0x40f atmel_start.o
 .debug_macro   0x0000f0b5       0x40 atmel_start.o
 .debug_macro   0x0000f0f5      0x376 atmel_start.o
 .debug_macro   0x0000f46b     0x17df atmel_start.o
 .debug_macro   0x00010c4a       0x6d atmel_start.o
 .debug_macro   0x00010cb7       0x10 atmel_start.o
 .debug_macro   0x00010cc7       0x10 atmel_start.o
 .debug_macro   0x00010cd7       0x16 atmel_start.o
 .debug_macro   0x00010ced       0x16 atmel_start.o
 .debug_macro   0x00010d03       0x16 atmel_start.o
 .debug_macro   0x00010d19       0x16 atmel_start.o
 .debug_macro   0x00010d2f       0x16 atmel_start.o
 .debug_macro   0x00010d45       0x16 atmel_start.o
 .debug_macro   0x00010d5b       0x16 atmel_start.o
 .debug_macro   0x00010d71       0x16 atmel_start.o
 .debug_macro   0x00010d87       0x16 atmel_start.o
 .debug_macro   0x00010d9d       0x16 atmel_start.o
 .debug_macro   0x00010db3       0x16 atmel_start.o
 .debug_macro   0x00010dc9       0x16 atmel_start.o
 .debug_macro   0x00010ddf       0x16 atmel_start.o
 .debug_macro   0x00010df5       0x16 atmel_start.o
 .debug_macro   0x00010e0b       0x16 atmel_start.o
 .debug_macro   0x00010e21       0x16 atmel_start.o
 .debug_macro   0x00010e37       0x16 atmel_start.o
 .debug_macro   0x00010e4d       0x16 atmel_start.o
 .debug_macro   0x00010e63       0x16 atmel_start.o
 .debug_macro   0x00010e79       0x16 atmel_start.o
 .debug_macro   0x00010e8f       0x16 atmel_start.o
 .debug_macro   0x00010ea5       0xca atmel_start.o
 .debug_macro   0x00010f6f       0x1c atmel_start.o
 .debug_macro   0x00010f8b       0x16 atmel_start.o
 .debug_macro   0x00010fa1       0x40 atmel_start.o
 .debug_macro   0x00010fe1      0x2e3 Device_Startup/startup_samd21.o
 .debug_macro   0x000112c4       0x40 Device_Startup/startup_samd21.o
 .debug_macro   0x00011304      0x509 driver_init.o
 .debug_macro   0x0001180d       0x28 driver_init.o
 .debug_macro   0x00011835       0xc9 driver_init.o
 .debug_macro   0x000118fe      0x411 hal/src/hal_atomic.o
 .debug_macro   0x00011d0f      0x443 hal/src/hal_delay.o
 .debug_macro   0x00012152      0x46d hal/src/hal_usart_async.o
 .debug_macro   0x000125bf      0x41a hal/utils/src/utils_assert.o
 .debug_macro   0x000129d9       0x10 hal/utils/src/utils_assert.o
 .debug_macro   0x000129e9      0x41e hal/utils/src/utils_ringbuffer.o
 .debug_macro   0x00012e07      0x468 hpl/core/hpl_core_m0plus_base.o
 .debug_macro   0x0001326f      0x48b hpl/core/hpl_init.o
 .debug_macro   0x000136fa       0x2e hpl/core/hpl_init.o
 .debug_macro   0x00013728      0x6ec hpl/core/hpl_init.o
 .debug_macro   0x00013e14      0x42d hpl/gclk/hpl_gclk.o
 .debug_macro   0x00014241      0x1f3 hpl/gclk/hpl_gclk.o
 .debug_macro   0x00014434      0x450 hpl/pm/hpl_pm.o
 .debug_macro   0x00014884      0x659 hpl/sercom/hpl_sercom.o
 .debug_macro   0x00014edd       0x70 hpl/sercom/hpl_sercom.o
 .debug_macro   0x00014f4d       0xba hpl/sercom/hpl_sercom.o
 .debug_macro   0x00015007       0x10 hpl/sercom/hpl_sercom.o
 .debug_macro   0x00015017       0x1c hpl/sercom/hpl_sercom.o
 .debug_macro   0x00015033       0x22 hpl/sercom/hpl_sercom.o
 .debug_macro   0x00015055       0x10 hpl/sercom/hpl_sercom.o
 .debug_macro   0x00015065      0x427 hpl/sysctrl/hpl_sysctrl.o
 .debug_macro   0x0001548c      0x2da hpl/sysctrl/hpl_sysctrl.o
 .debug_macro   0x00015766      0x5bf main.o

.debug_line     0x00000000     0xb3ff
 .debug_line    0x00000000      0xa49 atmel_start.o
 .debug_line    0x00000a49      0x6d6 Device_Startup/startup_samd21.o
 .debug_line    0x0000111f      0xb07 driver_init.o
 .debug_line    0x00001c26      0x954 hal/src/hal_atomic.o
 .debug_line    0x0000257a      0x97f hal/src/hal_delay.o
 .debug_line    0x00002ef9      0xc43 hal/src/hal_usart_async.o
 .debug_line    0x00003b3c      0x91d hal/utils/src/utils_assert.o
 .debug_line    0x00004459      0x9bd hal/utils/src/utils_ringbuffer.o
 .debug_line    0x00004e16      0xae9 hpl/core/hpl_core_m0plus_base.o
 .debug_line    0x000058ff      0x9ff hpl/core/hpl_init.o
 .debug_line    0x000062fe      0x977 hpl/gclk/hpl_gclk.o
 .debug_line    0x00006c75      0x9c3 hpl/pm/hpl_pm.o
 .debug_line    0x00007638     0x285e hpl/sercom/hpl_sercom.o
 .debug_line    0x00009e96      0x9b4 hpl/sysctrl/hpl_sysctrl.o
 .debug_line    0x0000a84a      0xbb5 main.o

.debug_str      0x00000000    0x7b73f
 .debug_str     0x00000000    0x6db2e atmel_start.o
                              0x6dfa4 (size before relaxing)
 .debug_str     0x0006db2e     0x10a2 Device_Startup/startup_samd21.o
                              0x6dda5 (size before relaxing)
 .debug_str     0x0006ebd0     0x145a driver_init.o
                              0x701fb (size before relaxing)
 .debug_str     0x0007002a       0xb7 hal/src/hal_atomic.o
                              0x6daed (size before relaxing)
 .debug_str     0x000700e1       0x9b hal/src/hal_delay.o
                              0x6db57 (size before relaxing)
 .debug_str     0x0007017c      0x6ad hal/src/hal_usart_async.o
                              0x6ea04 (size before relaxing)
 .debug_str     0x00070829       0x2a hal/utils/src/utils_assert.o
                              0x6dafd (size before relaxing)
 .debug_str     0x00070853       0x24 hal/utils/src/utils_ringbuffer.o
                              0x6dba3 (size before relaxing)
 .debug_str     0x00070877      0x308 hpl/core/hpl_core_m0plus_base.o
                              0x6e4e5 (size before relaxing)
 .debug_str     0x00070b7f     0x17dc hpl/core/hpl_init.o
                              0x6f636 (size before relaxing)
 .debug_str     0x0007235b      0x84a hpl/gclk/hpl_gclk.o
                              0x6e415 (size before relaxing)
 .debug_str     0x00072ba5      0x194 hpl/pm/hpl_pm.o
                              0x6e195 (size before relaxing)
 .debug_str     0x00072d39     0x4609 hpl/sercom/hpl_sercom.o
                              0x7360a (size before relaxing)
 .debug_str     0x00077342     0x11b6 hpl/sysctrl/hpl_sysctrl.o
                              0x6eda8 (size before relaxing)
 .debug_str     0x000784f8     0x3247 main.o
                              0x71cde (size before relaxing)

.debug_frame    0x00000000     0x153c
 .debug_frame   0x00000000       0x28 atmel_start.o
 .debug_frame   0x00000028       0x40 Device_Startup/startup_samd21.o
 .debug_frame   0x00000068       0x70 driver_init.o
 .debug_frame   0x000000d8       0x40 hal/src/hal_atomic.o
 .debug_frame   0x00000118       0x68 hal/src/hal_delay.o
 .debug_frame   0x00000180      0x2ac hal/src/hal_usart_async.o
 .debug_frame   0x0000042c       0x20 hal/utils/src/utils_assert.o
 .debug_frame   0x0000044c       0x94 hal/utils/src/utils_ringbuffer.o
 .debug_frame   0x000004e0       0xfc hpl/core/hpl_core_m0plus_base.o
 .debug_frame   0x000005dc       0x28 hpl/core/hpl_init.o
 .debug_frame   0x00000604       0x30 hpl/gclk/hpl_gclk.o
 .debug_frame   0x00000634       0x40 hpl/pm/hpl_pm.o
 .debug_frame   0x00000674      0xdbc hpl/sercom/hpl_sercom.o
 .debug_frame   0x00001430       0x38 hpl/sysctrl/hpl_sysctrl.o
 .debug_frame   0x00001468       0x88 main.o
 .debug_frame   0x000014f0       0x20 d:/program files (x86)/atmel/studio/7.0/toolchain/arm/arm-gnu-toolchain/bin/../lib/gcc/arm-none-eabi/6.3.1/thumb/v6-m\libgcc.a(_udivsi3.o)
 .debug_frame   0x00001510       0x2c d:/program files (x86)/atmel/studio/7.0/toolchain/arm/arm-gnu-toolchain/bin/../lib/gcc/arm-none-eabi/6.3.1/../../../../arm-none-eabi/lib/thumb/v6-m\libc_nano.a(lib_a-init.o)
